Archive member included to satisfy reference by file (symbol)

C:\Users\p190047\Documents\Atmel Studio\7.0\library\libmuon.a(button.o)
                              main.o (button_init)
C:\Users\p190047\Documents\Atmel Studio\7.0\library\libmuon.a(muon.o)
                              C:/Program Files (x86)/Atmel/Studio/7.0/Packs/atmel/ATmega_DFP/1.2.150/gcc/dev/atmega128rfa1/avr51/crtatmega128rfa1.o (main)
C:\Users\p190047\Documents\Atmel Studio\7.0\library\libmuon.a(time.o)
                              C:\Users\p190047\Documents\Atmel Studio\7.0\library\libmuon.a(muon.o) (time_millis_count)
C:\Users\p190047\Documents\Atmel Studio\7.0\library\libmuon.a(timer.o)
                              C:\Users\p190047\Documents\Atmel Studio\7.0\library\libmuon.a(muon.o) (timer_init)
C:\Users\p190047\Documents\Atmel Studio\7.0\library\libmuon.a(leds.o)
                              main.o (leds_init)
C:\Users\p190047\Documents\Atmel Studio\7.0\library\libmuon.a(radio.o)
                              main.o (radio_init)
C:\Users\p190047\Documents\Atmel Studio\7.0\library\libmuon.a(serial.o)
                              main.o (serial_init)
C:\Users\p190047\Documents\Atmel Studio\7.0\library\libmuon.a(crypto.o)
                              main.o (crypto_init)
c:/program files (x86)/atmel/studio/7.0/toolchain/avr8/avr8-gnu-toolchain/bin/../lib/gcc/avr/5.4.0/avr51\libgcc.a(_udivmodsi4.o)
                              C:\Users\p190047\Documents\Atmel Studio\7.0\library\libmuon.a(muon.o) (__udivmodsi4)
c:/program files (x86)/atmel/studio/7.0/toolchain/avr8/avr8-gnu-toolchain/bin/../lib/gcc/avr/5.4.0/avr51\libgcc.a(_exit.o)
                              C:/Program Files (x86)/Atmel/Studio/7.0/Packs/atmel/ATmega_DFP/1.2.150/gcc/dev/atmega128rfa1/avr51/crtatmega128rfa1.o (exit)
c:/program files (x86)/atmel/studio/7.0/toolchain/avr8/avr8-gnu-toolchain/bin/../lib/gcc/avr/5.4.0/avr51\libgcc.a(_copy_data.o)
                              main.o (__do_copy_data)
c:/program files (x86)/atmel/studio/7.0/toolchain/avr8/avr8-gnu-toolchain/bin/../lib/gcc/avr/5.4.0/avr51\libgcc.a(_clear_bss.o)
                              main.o (__do_clear_bss)
c:/program files (x86)/atmel/studio/7.0/toolchain/avr8/avr8-gnu-toolchain/bin/../lib/gcc/avr/5.4.0/avr51\libgcc.a(_mulshisi3.o)
                              C:\Users\p190047\Documents\Atmel Studio\7.0\library\libmuon.a(timer.o) (__mulohisi3)
c:/program files (x86)/atmel/studio/7.0/toolchain/avr8/avr8-gnu-toolchain/bin/../lib/gcc/avr/5.4.0/avr51\libgcc.a(_muluhisi3.o)
                              c:/program files (x86)/atmel/studio/7.0/toolchain/avr8/avr8-gnu-toolchain/bin/../lib/gcc/avr/5.4.0/avr51\libgcc.a(_mulshisi3.o) (__muluhisi3)
c:/program files (x86)/atmel/studio/7.0/toolchain/avr8/avr8-gnu-toolchain/bin/../lib/gcc/avr/5.4.0/avr51\libgcc.a(_umulhisi3.o)
                              c:/program files (x86)/atmel/studio/7.0/toolchain/avr8/avr8-gnu-toolchain/bin/../lib/gcc/avr/5.4.0/avr51\libgcc.a(_muluhisi3.o) (__umulhisi3)
c:/program files (x86)/atmel/studio/7.0/toolchain/avr8/avr8-gnu-toolchain/bin/../lib/gcc/avr/5.4.0/../../../../avr/lib/avr51\libc.a(iob.o)
                              C:\Users\p190047\Documents\Atmel Studio\7.0\library\libmuon.a(serial.o) (__iob)
c:/program files (x86)/atmel/studio/7.0/toolchain/avr8/avr8-gnu-toolchain/bin/../lib/gcc/avr/5.4.0/../../../../avr/lib/avr51\libc.a(printf.o)
                              main.o (printf)
c:/program files (x86)/atmel/studio/7.0/toolchain/avr8/avr8-gnu-toolchain/bin/../lib/gcc/avr/5.4.0/../../../../avr/lib/avr51\libc.a(putchar.o)
                              main.o (putchar)
c:/program files (x86)/atmel/studio/7.0/toolchain/avr8/avr8-gnu-toolchain/bin/../lib/gcc/avr/5.4.0/../../../../avr/lib/avr51\libc.a(puts.o)
                              main.o (puts)
c:/program files (x86)/atmel/studio/7.0/toolchain/avr8/avr8-gnu-toolchain/bin/../lib/gcc/avr/5.4.0/../../../../avr/lib/avr51\libc.a(vfprintf_std.o)
                              c:/program files (x86)/atmel/studio/7.0/toolchain/avr8/avr8-gnu-toolchain/bin/../lib/gcc/avr/5.4.0/../../../../avr/lib/avr51\libc.a(printf.o) (vfprintf)
c:/program files (x86)/atmel/studio/7.0/toolchain/avr8/avr8-gnu-toolchain/bin/../lib/gcc/avr/5.4.0/../../../../avr/lib/avr51\libc.a(strnlen_P.o)
                              c:/program files (x86)/atmel/studio/7.0/toolchain/avr8/avr8-gnu-toolchain/bin/../lib/gcc/avr/5.4.0/../../../../avr/lib/avr51\libc.a(vfprintf_std.o) (strnlen_P)
c:/program files (x86)/atmel/studio/7.0/toolchain/avr8/avr8-gnu-toolchain/bin/../lib/gcc/avr/5.4.0/../../../../avr/lib/avr51\libc.a(strnlen.o)
                              c:/program files (x86)/atmel/studio/7.0/toolchain/avr8/avr8-gnu-toolchain/bin/../lib/gcc/avr/5.4.0/../../../../avr/lib/avr51\libc.a(vfprintf_std.o) (strnlen)
c:/program files (x86)/atmel/studio/7.0/toolchain/avr8/avr8-gnu-toolchain/bin/../lib/gcc/avr/5.4.0/../../../../avr/lib/avr51\libc.a(fputc.o)
                              c:/program files (x86)/atmel/studio/7.0/toolchain/avr8/avr8-gnu-toolchain/bin/../lib/gcc/avr/5.4.0/../../../../avr/lib/avr51\libc.a(putchar.o) (fputc)
c:/program files (x86)/atmel/studio/7.0/toolchain/avr8/avr8-gnu-toolchain/bin/../lib/gcc/avr/5.4.0/../../../../avr/lib/avr51\libc.a(ultoa_invert.o)
                              c:/program files (x86)/atmel/studio/7.0/toolchain/avr8/avr8-gnu-toolchain/bin/../lib/gcc/avr/5.4.0/../../../../avr/lib/avr51\libc.a(vfprintf_std.o) (__ultoa_invert)

Allocating common symbols
Common symbol       size              file

__iob               0x6               c:/program files (x86)/atmel/studio/7.0/toolchain/avr8/avr8-gnu-toolchain/bin/../lib/gcc/avr/5.4.0/../../../../avr/lib/avr51\libc.a(iob.o)

Discarded input sections

 .data          0x00000000        0x0 C:/Program Files (x86)/Atmel/Studio/7.0/Packs/atmel/ATmega_DFP/1.2.150/gcc/dev/atmega128rfa1/avr51/crtatmega128rfa1.o
 .bss           0x00000000        0x0 C:/Program Files (x86)/Atmel/Studio/7.0/Packs/atmel/ATmega_DFP/1.2.150/gcc/dev/atmega128rfa1/avr51/crtatmega128rfa1.o
 .text          0x00000000        0x0 main.o
 .data          0x00000000        0x0 main.o
 .bss           0x00000000        0x0 main.o
 .bss.tcode     0x00000000        0x2 main.o
 .text          0x00000000        0x0 C:\Users\p190047\Documents\Atmel Studio\7.0\library\libmuon.a(button.o)
 .data          0x00000000        0x0 C:\Users\p190047\Documents\Atmel Studio\7.0\library\libmuon.a(button.o)
 .bss           0x00000000        0x0 C:\Users\p190047\Documents\Atmel Studio\7.0\library\libmuon.a(button.o)
 .text.button_released
                0x00000000        0xa C:\Users\p190047\Documents\Atmel Studio\7.0\library\libmuon.a(button.o)
 .text          0x00000000        0x0 C:\Users\p190047\Documents\Atmel Studio\7.0\library\libmuon.a(muon.o)
 .data          0x00000000        0x0 C:\Users\p190047\Documents\Atmel Studio\7.0\library\libmuon.a(muon.o)
 .bss           0x00000000        0x0 C:\Users\p190047\Documents\Atmel Studio\7.0\library\libmuon.a(muon.o)
 .text          0x00000000        0x0 C:\Users\p190047\Documents\Atmel Studio\7.0\library\libmuon.a(time.o)
 .data          0x00000000        0x0 C:\Users\p190047\Documents\Atmel Studio\7.0\library\libmuon.a(time.o)
 .bss           0x00000000        0x0 C:\Users\p190047\Documents\Atmel Studio\7.0\library\libmuon.a(time.o)
 .text.time_millis
                0x00000000       0x12 C:\Users\p190047\Documents\Atmel Studio\7.0\library\libmuon.a(time.o)
 .text.time_cycles
                0x00000000        0xc C:\Users\p190047\Documents\Atmel Studio\7.0\library\libmuon.a(time.o)
 .text          0x00000000        0x0 C:\Users\p190047\Documents\Atmel Studio\7.0\library\libmuon.a(timer.o)
 .data          0x00000000        0x0 C:\Users\p190047\Documents\Atmel Studio\7.0\library\libmuon.a(timer.o)
 .bss           0x00000000        0x0 C:\Users\p190047\Documents\Atmel Studio\7.0\library\libmuon.a(timer.o)
 .text.hw_timer_cpuf
                0x00000000        0xa C:\Users\p190047\Documents\Atmel Studio\7.0\library\libmuon.a(timer.o)
 .text.timer_now_us
                0x00000000       0x78 C:\Users\p190047\Documents\Atmel Studio\7.0\library\libmuon.a(timer.o)
 .text.timer_wait_milli
                0x00000000       0x2a C:\Users\p190047\Documents\Atmel Studio\7.0\library\libmuon.a(timer.o)
 .bss.basetime  0x00000000        0x4 C:\Users\p190047\Documents\Atmel Studio\7.0\library\libmuon.a(timer.o)
 .text          0x00000000        0x0 C:\Users\p190047\Documents\Atmel Studio\7.0\library\libmuon.a(leds.o)
 .data          0x00000000        0x0 C:\Users\p190047\Documents\Atmel Studio\7.0\library\libmuon.a(leds.o)
 .bss           0x00000000        0x0 C:\Users\p190047\Documents\Atmel Studio\7.0\library\libmuon.a(leds.o)
 .text          0x00000000        0x0 C:\Users\p190047\Documents\Atmel Studio\7.0\library\libmuon.a(radio.o)
 .data          0x00000000        0x0 C:\Users\p190047\Documents\Atmel Studio\7.0\library\libmuon.a(radio.o)
 .bss           0x00000000        0x0 C:\Users\p190047\Documents\Atmel Studio\7.0\library\libmuon.a(radio.o)
 .text.radio_tx_done
                0x00000000        0xa C:\Users\p190047\Documents\Atmel Studio\7.0\library\libmuon.a(radio.o)
 .text.radio_set_power
                0x00000000       0x10 C:\Users\p190047\Documents\Atmel Studio\7.0\library\libmuon.a(radio.o)
 .text.radio_rssi
                0x00000000       0x14 C:\Users\p190047\Documents\Atmel Studio\7.0\library\libmuon.a(radio.o)
 .text.radio_max_rssi
                0x00000000        0xa C:\Users\p190047\Documents\Atmel Studio\7.0\library\libmuon.a(radio.o)
 .text.radio_latest_energy
                0x00000000        0x6 C:\Users\p190047\Documents\Atmel Studio\7.0\library\libmuon.a(radio.o)
 .text.radio_latest_lqi
                0x00000000        0x6 C:\Users\p190047\Documents\Atmel Studio\7.0\library\libmuon.a(radio.o)
 .text          0x00000000        0x0 C:\Users\p190047\Documents\Atmel Studio\7.0\library\libmuon.a(serial.o)
 .data          0x00000000        0x0 C:\Users\p190047\Documents\Atmel Studio\7.0\library\libmuon.a(serial.o)
 .bss           0x00000000        0x0 C:\Users\p190047\Documents\Atmel Studio\7.0\library\libmuon.a(serial.o)
 .text.serial_is_init
                0x00000000        0x6 C:\Users\p190047\Documents\Atmel Studio\7.0\library\libmuon.a(serial.o)
 .text.serial_ready
                0x00000000        0xc C:\Users\p190047\Documents\Atmel Studio\7.0\library\libmuon.a(serial.o)
 .text          0x00000000        0x0 C:\Users\p190047\Documents\Atmel Studio\7.0\library\libmuon.a(crypto.o)
 .data          0x00000000        0x0 C:\Users\p190047\Documents\Atmel Studio\7.0\library\libmuon.a(crypto.o)
 .bss           0x00000000        0x0 C:\Users\p190047\Documents\Atmel Studio\7.0\library\libmuon.a(crypto.o)
 .text          0x00000000        0x0 c:/program files (x86)/atmel/studio/7.0/toolchain/avr8/avr8-gnu-toolchain/bin/../lib/gcc/avr/5.4.0/avr51\libgcc.a(_udivmodsi4.o)
 .data          0x00000000        0x0 c:/program files (x86)/atmel/studio/7.0/toolchain/avr8/avr8-gnu-toolchain/bin/../lib/gcc/avr/5.4.0/avr51\libgcc.a(_udivmodsi4.o)
 .bss           0x00000000        0x0 c:/program files (x86)/atmel/studio/7.0/toolchain/avr8/avr8-gnu-toolchain/bin/../lib/gcc/avr/5.4.0/avr51\libgcc.a(_udivmodsi4.o)
 .text.libgcc.mul
                0x00000000        0x0 c:/program files (x86)/atmel/studio/7.0/toolchain/avr8/avr8-gnu-toolchain/bin/../lib/gcc/avr/5.4.0/avr51\libgcc.a(_udivmodsi4.o)
 .text.libgcc   0x00000000        0x0 c:/program files (x86)/atmel/studio/7.0/toolchain/avr8/avr8-gnu-toolchain/bin/../lib/gcc/avr/5.4.0/avr51\libgcc.a(_udivmodsi4.o)
 .text.libgcc.prologue
                0x00000000        0x0 c:/program files (x86)/atmel/studio/7.0/toolchain/avr8/avr8-gnu-toolchain/bin/../lib/gcc/avr/5.4.0/avr51\libgcc.a(_udivmodsi4.o)
 .text.libgcc.builtins
                0x00000000        0x0 c:/program files (x86)/atmel/studio/7.0/toolchain/avr8/avr8-gnu-toolchain/bin/../lib/gcc/avr/5.4.0/avr51\libgcc.a(_udivmodsi4.o)
 .text.libgcc.fmul
                0x00000000        0x0 c:/program files (x86)/atmel/studio/7.0/toolchain/avr8/avr8-gnu-toolchain/bin/../lib/gcc/avr/5.4.0/avr51\libgcc.a(_udivmodsi4.o)
 .text.libgcc.fixed
                0x00000000        0x0 c:/program files (x86)/atmel/studio/7.0/toolchain/avr8/avr8-gnu-toolchain/bin/../lib/gcc/avr/5.4.0/avr51\libgcc.a(_udivmodsi4.o)
 .text          0x00000000        0x0 c:/program files (x86)/atmel/studio/7.0/toolchain/avr8/avr8-gnu-toolchain/bin/../lib/gcc/avr/5.4.0/avr51\libgcc.a(_exit.o)
 .data          0x00000000        0x0 c:/program files (x86)/atmel/studio/7.0/toolchain/avr8/avr8-gnu-toolchain/bin/../lib/gcc/avr/5.4.0/avr51\libgcc.a(_exit.o)
 .bss           0x00000000        0x0 c:/program files (x86)/atmel/studio/7.0/toolchain/avr8/avr8-gnu-toolchain/bin/../lib/gcc/avr/5.4.0/avr51\libgcc.a(_exit.o)
 .text.libgcc.mul
                0x00000000        0x0 c:/program files (x86)/atmel/studio/7.0/toolchain/avr8/avr8-gnu-toolchain/bin/../lib/gcc/avr/5.4.0/avr51\libgcc.a(_exit.o)
 .text.libgcc.div
                0x00000000        0x0 c:/program files (x86)/atmel/studio/7.0/toolchain/avr8/avr8-gnu-toolchain/bin/../lib/gcc/avr/5.4.0/avr51\libgcc.a(_exit.o)
 .text.libgcc   0x00000000        0x0 c:/program files (x86)/atmel/studio/7.0/toolchain/avr8/avr8-gnu-toolchain/bin/../lib/gcc/avr/5.4.0/avr51\libgcc.a(_exit.o)
 .text.libgcc.prologue
                0x00000000        0x0 c:/program files (x86)/atmel/studio/7.0/toolchain/avr8/avr8-gnu-toolchain/bin/../lib/gcc/avr/5.4.0/avr51\libgcc.a(_exit.o)
 .text.libgcc.builtins
                0x00000000        0x0 c:/program files (x86)/atmel/studio/7.0/toolchain/avr8/avr8-gnu-toolchain/bin/../lib/gcc/avr/5.4.0/avr51\libgcc.a(_exit.o)
 .text.libgcc.fmul
                0x00000000        0x0 c:/program files (x86)/atmel/studio/7.0/toolchain/avr8/avr8-gnu-toolchain/bin/../lib/gcc/avr/5.4.0/avr51\libgcc.a(_exit.o)
 .text.libgcc.fixed
                0x00000000        0x0 c:/program files (x86)/atmel/studio/7.0/toolchain/avr8/avr8-gnu-toolchain/bin/../lib/gcc/avr/5.4.0/avr51\libgcc.a(_exit.o)
 .text          0x00000000        0x0 c:/program files (x86)/atmel/studio/7.0/toolchain/avr8/avr8-gnu-toolchain/bin/../lib/gcc/avr/5.4.0/avr51\libgcc.a(_copy_data.o)
 .data          0x00000000        0x0 c:/program files (x86)/atmel/studio/7.0/toolchain/avr8/avr8-gnu-toolchain/bin/../lib/gcc/avr/5.4.0/avr51\libgcc.a(_copy_data.o)
 .bss           0x00000000        0x0 c:/program files (x86)/atmel/studio/7.0/toolchain/avr8/avr8-gnu-toolchain/bin/../lib/gcc/avr/5.4.0/avr51\libgcc.a(_copy_data.o)
 .text.libgcc.mul
                0x00000000        0x0 c:/program files (x86)/atmel/studio/7.0/toolchain/avr8/avr8-gnu-toolchain/bin/../lib/gcc/avr/5.4.0/avr51\libgcc.a(_copy_data.o)
 .text.libgcc.div
                0x00000000        0x0 c:/program files (x86)/atmel/studio/7.0/toolchain/avr8/avr8-gnu-toolchain/bin/../lib/gcc/avr/5.4.0/avr51\libgcc.a(_copy_data.o)
 .text.libgcc   0x00000000        0x0 c:/program files (x86)/atmel/studio/7.0/toolchain/avr8/avr8-gnu-toolchain/bin/../lib/gcc/avr/5.4.0/avr51\libgcc.a(_copy_data.o)
 .text.libgcc.prologue
                0x00000000        0x0 c:/program files (x86)/atmel/studio/7.0/toolchain/avr8/avr8-gnu-toolchain/bin/../lib/gcc/avr/5.4.0/avr51\libgcc.a(_copy_data.o)
 .text.libgcc.builtins
                0x00000000        0x0 c:/program files (x86)/atmel/studio/7.0/toolchain/avr8/avr8-gnu-toolchain/bin/../lib/gcc/avr/5.4.0/avr51\libgcc.a(_copy_data.o)
 .text.libgcc.fmul
                0x00000000        0x0 c:/program files (x86)/atmel/studio/7.0/toolchain/avr8/avr8-gnu-toolchain/bin/../lib/gcc/avr/5.4.0/avr51\libgcc.a(_copy_data.o)
 .text.libgcc.fixed
                0x00000000        0x0 c:/program files (x86)/atmel/studio/7.0/toolchain/avr8/avr8-gnu-toolchain/bin/../lib/gcc/avr/5.4.0/avr51\libgcc.a(_copy_data.o)
 .text          0x00000000        0x0 c:/program files (x86)/atmel/studio/7.0/toolchain/avr8/avr8-gnu-toolchain/bin/../lib/gcc/avr/5.4.0/avr51\libgcc.a(_clear_bss.o)
 .data          0x00000000        0x0 c:/program files (x86)/atmel/studio/7.0/toolchain/avr8/avr8-gnu-toolchain/bin/../lib/gcc/avr/5.4.0/avr51\libgcc.a(_clear_bss.o)
 .bss           0x00000000        0x0 c:/program files (x86)/atmel/studio/7.0/toolchain/avr8/avr8-gnu-toolchain/bin/../lib/gcc/avr/5.4.0/avr51\libgcc.a(_clear_bss.o)
 .text.libgcc.mul
                0x00000000        0x0 c:/program files (x86)/atmel/studio/7.0/toolchain/avr8/avr8-gnu-toolchain/bin/../lib/gcc/avr/5.4.0/avr51\libgcc.a(_clear_bss.o)
 .text.libgcc.div
                0x00000000        0x0 c:/program files (x86)/atmel/studio/7.0/toolchain/avr8/avr8-gnu-toolchain/bin/../lib/gcc/avr/5.4.0/avr51\libgcc.a(_clear_bss.o)
 .text.libgcc   0x00000000        0x0 c:/program files (x86)/atmel/studio/7.0/toolchain/avr8/avr8-gnu-toolchain/bin/../lib/gcc/avr/5.4.0/avr51\libgcc.a(_clear_bss.o)
 .text.libgcc.prologue
                0x00000000        0x0 c:/program files (x86)/atmel/studio/7.0/toolchain/avr8/avr8-gnu-toolchain/bin/../lib/gcc/avr/5.4.0/avr51\libgcc.a(_clear_bss.o)
 .text.libgcc.builtins
                0x00000000        0x0 c:/program files (x86)/atmel/studio/7.0/toolchain/avr8/avr8-gnu-toolchain/bin/../lib/gcc/avr/5.4.0/avr51\libgcc.a(_clear_bss.o)
 .text.libgcc.fmul
                0x00000000        0x0 c:/program files (x86)/atmel/studio/7.0/toolchain/avr8/avr8-gnu-toolchain/bin/../lib/gcc/avr/5.4.0/avr51\libgcc.a(_clear_bss.o)
 .text.libgcc.fixed
                0x00000000        0x0 c:/program files (x86)/atmel/studio/7.0/toolchain/avr8/avr8-gnu-toolchain/bin/../lib/gcc/avr/5.4.0/avr51\libgcc.a(_clear_bss.o)
 .text          0x00000000        0x0 c:/program files (x86)/atmel/studio/7.0/toolchain/avr8/avr8-gnu-toolchain/bin/../lib/gcc/avr/5.4.0/avr51\libgcc.a(_mulshisi3.o)
 .data          0x00000000        0x0 c:/program files (x86)/atmel/studio/7.0/toolchain/avr8/avr8-gnu-toolchain/bin/../lib/gcc/avr/5.4.0/avr51\libgcc.a(_mulshisi3.o)
 .bss           0x00000000        0x0 c:/program files (x86)/atmel/studio/7.0/toolchain/avr8/avr8-gnu-toolchain/bin/../lib/gcc/avr/5.4.0/avr51\libgcc.a(_mulshisi3.o)
 .text.libgcc.div
                0x00000000        0x0 c:/program files (x86)/atmel/studio/7.0/toolchain/avr8/avr8-gnu-toolchain/bin/../lib/gcc/avr/5.4.0/avr51\libgcc.a(_mulshisi3.o)
 .text.libgcc   0x00000000        0x0 c:/program files (x86)/atmel/studio/7.0/toolchain/avr8/avr8-gnu-toolchain/bin/../lib/gcc/avr/5.4.0/avr51\libgcc.a(_mulshisi3.o)
 .text.libgcc.prologue
                0x00000000        0x0 c:/program files (x86)/atmel/studio/7.0/toolchain/avr8/avr8-gnu-toolchain/bin/../lib/gcc/avr/5.4.0/avr51\libgcc.a(_mulshisi3.o)
 .text.libgcc.builtins
                0x00000000        0x0 c:/program files (x86)/atmel/studio/7.0/toolchain/avr8/avr8-gnu-toolchain/bin/../lib/gcc/avr/5.4.0/avr51\libgcc.a(_mulshisi3.o)
 .text.libgcc.fmul
                0x00000000        0x0 c:/program files (x86)/atmel/studio/7.0/toolchain/avr8/avr8-gnu-toolchain/bin/../lib/gcc/avr/5.4.0/avr51\libgcc.a(_mulshisi3.o)
 .text.libgcc.fixed
                0x00000000        0x0 c:/program files (x86)/atmel/studio/7.0/toolchain/avr8/avr8-gnu-toolchain/bin/../lib/gcc/avr/5.4.0/avr51\libgcc.a(_mulshisi3.o)
 .text          0x00000000        0x0 c:/program files (x86)/atmel/studio/7.0/toolchain/avr8/avr8-gnu-toolchain/bin/../lib/gcc/avr/5.4.0/avr51\libgcc.a(_muluhisi3.o)
 .data          0x00000000        0x0 c:/program files (x86)/atmel/studio/7.0/toolchain/avr8/avr8-gnu-toolchain/bin/../lib/gcc/avr/5.4.0/avr51\libgcc.a(_muluhisi3.o)
 .bss           0x00000000        0x0 c:/program files (x86)/atmel/studio/7.0/toolchain/avr8/avr8-gnu-toolchain/bin/../lib/gcc/avr/5.4.0/avr51\libgcc.a(_muluhisi3.o)
 .text.libgcc.div
                0x00000000        0x0 c:/program files (x86)/atmel/studio/7.0/toolchain/avr8/avr8-gnu-toolchain/bin/../lib/gcc/avr/5.4.0/avr51\libgcc.a(_muluhisi3.o)
 .text.libgcc   0x00000000        0x0 c:/program files (x86)/atmel/studio/7.0/toolchain/avr8/avr8-gnu-toolchain/bin/../lib/gcc/avr/5.4.0/avr51\libgcc.a(_muluhisi3.o)
 .text.libgcc.prologue
                0x00000000        0x0 c:/program files (x86)/atmel/studio/7.0/toolchain/avr8/avr8-gnu-toolchain/bin/../lib/gcc/avr/5.4.0/avr51\libgcc.a(_muluhisi3.o)
 .text.libgcc.builtins
                0x00000000        0x0 c:/program files (x86)/atmel/studio/7.0/toolchain/avr8/avr8-gnu-toolchain/bin/../lib/gcc/avr/5.4.0/avr51\libgcc.a(_muluhisi3.o)
 .text.libgcc.fmul
                0x00000000        0x0 c:/program files (x86)/atmel/studio/7.0/toolchain/avr8/avr8-gnu-toolchain/bin/../lib/gcc/avr/5.4.0/avr51\libgcc.a(_muluhisi3.o)
 .text.libgcc.fixed
                0x00000000        0x0 c:/program files (x86)/atmel/studio/7.0/toolchain/avr8/avr8-gnu-toolchain/bin/../lib/gcc/avr/5.4.0/avr51\libgcc.a(_muluhisi3.o)
 .text          0x00000000        0x0 c:/program files (x86)/atmel/studio/7.0/toolchain/avr8/avr8-gnu-toolchain/bin/../lib/gcc/avr/5.4.0/avr51\libgcc.a(_umulhisi3.o)
 .data          0x00000000        0x0 c:/program files (x86)/atmel/studio/7.0/toolchain/avr8/avr8-gnu-toolchain/bin/../lib/gcc/avr/5.4.0/avr51\libgcc.a(_umulhisi3.o)
 .bss           0x00000000        0x0 c:/program files (x86)/atmel/studio/7.0/toolchain/avr8/avr8-gnu-toolchain/bin/../lib/gcc/avr/5.4.0/avr51\libgcc.a(_umulhisi3.o)
 .text.libgcc.div
                0x00000000        0x0 c:/program files (x86)/atmel/studio/7.0/toolchain/avr8/avr8-gnu-toolchain/bin/../lib/gcc/avr/5.4.0/avr51\libgcc.a(_umulhisi3.o)
 .text.libgcc   0x00000000        0x0 c:/program files (x86)/atmel/studio/7.0/toolchain/avr8/avr8-gnu-toolchain/bin/../lib/gcc/avr/5.4.0/avr51\libgcc.a(_umulhisi3.o)
 .text.libgcc.prologue
                0x00000000        0x0 c:/program files (x86)/atmel/studio/7.0/toolchain/avr8/avr8-gnu-toolchain/bin/../lib/gcc/avr/5.4.0/avr51\libgcc.a(_umulhisi3.o)
 .text.libgcc.builtins
                0x00000000        0x0 c:/program files (x86)/atmel/studio/7.0/toolchain/avr8/avr8-gnu-toolchain/bin/../lib/gcc/avr/5.4.0/avr51\libgcc.a(_umulhisi3.o)
 .text.libgcc.fmul
                0x00000000        0x0 c:/program files (x86)/atmel/studio/7.0/toolchain/avr8/avr8-gnu-toolchain/bin/../lib/gcc/avr/5.4.0/avr51\libgcc.a(_umulhisi3.o)
 .text.libgcc.fixed
                0x00000000        0x0 c:/program files (x86)/atmel/studio/7.0/toolchain/avr8/avr8-gnu-toolchain/bin/../lib/gcc/avr/5.4.0/avr51\libgcc.a(_umulhisi3.o)
 .text          0x00000000        0x0 c:/program files (x86)/atmel/studio/7.0/toolchain/avr8/avr8-gnu-toolchain/bin/../lib/gcc/avr/5.4.0/../../../../avr/lib/avr51\libc.a(iob.o)
 .data          0x00000000        0x0 c:/program files (x86)/atmel/studio/7.0/toolchain/avr8/avr8-gnu-toolchain/bin/../lib/gcc/avr/5.4.0/../../../../avr/lib/avr51\libc.a(iob.o)
 .bss           0x00000000        0x0 c:/program files (x86)/atmel/studio/7.0/toolchain/avr8/avr8-gnu-toolchain/bin/../lib/gcc/avr/5.4.0/../../../../avr/lib/avr51\libc.a(iob.o)
 .text          0x00000000        0x0 c:/program files (x86)/atmel/studio/7.0/toolchain/avr8/avr8-gnu-toolchain/bin/../lib/gcc/avr/5.4.0/../../../../avr/lib/avr51\libc.a(printf.o)
 .data          0x00000000        0x0 c:/program files (x86)/atmel/studio/7.0/toolchain/avr8/avr8-gnu-toolchain/bin/../lib/gcc/avr/5.4.0/../../../../avr/lib/avr51\libc.a(printf.o)
 .bss           0x00000000        0x0 c:/program files (x86)/atmel/studio/7.0/toolchain/avr8/avr8-gnu-toolchain/bin/../lib/gcc/avr/5.4.0/../../../../avr/lib/avr51\libc.a(printf.o)
 .text          0x00000000        0x0 c:/program files (x86)/atmel/studio/7.0/toolchain/avr8/avr8-gnu-toolchain/bin/../lib/gcc/avr/5.4.0/../../../../avr/lib/avr51\libc.a(putchar.o)
 .data          0x00000000        0x0 c:/program files (x86)/atmel/studio/7.0/toolchain/avr8/avr8-gnu-toolchain/bin/../lib/gcc/avr/5.4.0/../../../../avr/lib/avr51\libc.a(putchar.o)
 .bss           0x00000000        0x0 c:/program files (x86)/atmel/studio/7.0/toolchain/avr8/avr8-gnu-toolchain/bin/../lib/gcc/avr/5.4.0/../../../../avr/lib/avr51\libc.a(putchar.o)
 .text          0x00000000        0x0 c:/program files (x86)/atmel/studio/7.0/toolchain/avr8/avr8-gnu-toolchain/bin/../lib/gcc/avr/5.4.0/../../../../avr/lib/avr51\libc.a(puts.o)
 .data          0x00000000        0x0 c:/program files (x86)/atmel/studio/7.0/toolchain/avr8/avr8-gnu-toolchain/bin/../lib/gcc/avr/5.4.0/../../../../avr/lib/avr51\libc.a(puts.o)
 .bss           0x00000000        0x0 c:/program files (x86)/atmel/studio/7.0/toolchain/avr8/avr8-gnu-toolchain/bin/../lib/gcc/avr/5.4.0/../../../../avr/lib/avr51\libc.a(puts.o)
 .text          0x00000000        0x0 c:/program files (x86)/atmel/studio/7.0/toolchain/avr8/avr8-gnu-toolchain/bin/../lib/gcc/avr/5.4.0/../../../../avr/lib/avr51\libc.a(vfprintf_std.o)
 .data          0x00000000        0x0 c:/program files (x86)/atmel/studio/7.0/toolchain/avr8/avr8-gnu-toolchain/bin/../lib/gcc/avr/5.4.0/../../../../avr/lib/avr51\libc.a(vfprintf_std.o)
 .bss           0x00000000        0x0 c:/program files (x86)/atmel/studio/7.0/toolchain/avr8/avr8-gnu-toolchain/bin/../lib/gcc/avr/5.4.0/../../../../avr/lib/avr51\libc.a(vfprintf_std.o)
 .text          0x00000000        0x0 c:/program files (x86)/atmel/studio/7.0/toolchain/avr8/avr8-gnu-toolchain/bin/../lib/gcc/avr/5.4.0/../../../../avr/lib/avr51\libc.a(strnlen_P.o)
 .data          0x00000000        0x0 c:/program files (x86)/atmel/studio/7.0/toolchain/avr8/avr8-gnu-toolchain/bin/../lib/gcc/avr/5.4.0/../../../../avr/lib/avr51\libc.a(strnlen_P.o)
 .bss           0x00000000        0x0 c:/program files (x86)/atmel/studio/7.0/toolchain/avr8/avr8-gnu-toolchain/bin/../lib/gcc/avr/5.4.0/../../../../avr/lib/avr51\libc.a(strnlen_P.o)
 .text          0x00000000        0x0 c:/program files (x86)/atmel/studio/7.0/toolchain/avr8/avr8-gnu-toolchain/bin/../lib/gcc/avr/5.4.0/../../../../avr/lib/avr51\libc.a(strnlen.o)
 .data          0x00000000        0x0 c:/program files (x86)/atmel/studio/7.0/toolchain/avr8/avr8-gnu-toolchain/bin/../lib/gcc/avr/5.4.0/../../../../avr/lib/avr51\libc.a(strnlen.o)
 .bss           0x00000000        0x0 c:/program files (x86)/atmel/studio/7.0/toolchain/avr8/avr8-gnu-toolchain/bin/../lib/gcc/avr/5.4.0/../../../../avr/lib/avr51\libc.a(strnlen.o)
 .text          0x00000000        0x0 c:/program files (x86)/atmel/studio/7.0/toolchain/avr8/avr8-gnu-toolchain/bin/../lib/gcc/avr/5.4.0/../../../../avr/lib/avr51\libc.a(fputc.o)
 .data          0x00000000        0x0 c:/program files (x86)/atmel/studio/7.0/toolchain/avr8/avr8-gnu-toolchain/bin/../lib/gcc/avr/5.4.0/../../../../avr/lib/avr51\libc.a(fputc.o)
 .bss           0x00000000        0x0 c:/program files (x86)/atmel/studio/7.0/toolchain/avr8/avr8-gnu-toolchain/bin/../lib/gcc/avr/5.4.0/../../../../avr/lib/avr51\libc.a(fputc.o)
 .text          0x00000000        0x0 c:/program files (x86)/atmel/studio/7.0/toolchain/avr8/avr8-gnu-toolchain/bin/../lib/gcc/avr/5.4.0/../../../../avr/lib/avr51\libc.a(ultoa_invert.o)
 .data          0x00000000        0x0 c:/program files (x86)/atmel/studio/7.0/toolchain/avr8/avr8-gnu-toolchain/bin/../lib/gcc/avr/5.4.0/../../../../avr/lib/avr51\libc.a(ultoa_invert.o)
 .bss           0x00000000        0x0 c:/program files (x86)/atmel/studio/7.0/toolchain/avr8/avr8-gnu-toolchain/bin/../lib/gcc/avr/5.4.0/../../../../avr/lib/avr51\libc.a(ultoa_invert.o)

Memory Configuration

Name             Origin             Length             Attributes
text             0x00000000         0x00020000         xr
data             0x00800100         0x0000ff00         rw !x
eeprom           0x00810000         0x00010000         rw !x
fuse             0x00820000         0x00000003         rw !x
lock             0x00830000         0x00000400         rw !x
signature        0x00840000         0x00000400         rw !x
user_signatures  0x00850000         0x00000400         rw !x
*default*        0x00000000         0xffffffff

Linker script and memory map

Address of section .data set to 0x800200
LOAD C:/Program Files (x86)/Atmel/Studio/7.0/Packs/atmel/ATmega_DFP/1.2.150/gcc/dev/atmega128rfa1/avr51/crtatmega128rfa1.o
LOAD main.o
START GROUP
LOAD c:/program files (x86)/atmel/studio/7.0/toolchain/avr8/avr8-gnu-toolchain/bin/../lib/gcc/avr/5.4.0/../../../../avr/lib/avr51\libm.a
LOAD C:\Users\p190047\Documents\Atmel Studio\7.0\library\libmuon.a
END GROUP
START GROUP
LOAD c:/program files (x86)/atmel/studio/7.0/toolchain/avr8/avr8-gnu-toolchain/bin/../lib/gcc/avr/5.4.0/avr51\libgcc.a
LOAD c:/program files (x86)/atmel/studio/7.0/toolchain/avr8/avr8-gnu-toolchain/bin/../lib/gcc/avr/5.4.0/../../../../avr/lib/avr51\libm.a
LOAD c:/program files (x86)/atmel/studio/7.0/toolchain/avr8/avr8-gnu-toolchain/bin/../lib/gcc/avr/5.4.0/../../../../avr/lib/avr51\libc.a
LOAD C:/Program Files (x86)/Atmel/Studio/7.0/Packs/atmel/ATmega_DFP/1.2.150/gcc/dev/atmega128rfa1/avr51\libatmega128rfa1.a
END GROUP
                0x00020000                __TEXT_REGION_LENGTH__ = DEFINED (__TEXT_REGION_LENGTH__)?__TEXT_REGION_LENGTH__:0x20000
                0x0000ff00                __DATA_REGION_LENGTH__ = DEFINED (__DATA_REGION_LENGTH__)?__DATA_REGION_LENGTH__:0xff00
                0x00010000                __EEPROM_REGION_LENGTH__ = DEFINED (__EEPROM_REGION_LENGTH__)?__EEPROM_REGION_LENGTH__:0x10000
                [0x00000003]                __FUSE_REGION_LENGTH__ = DEFINED (__FUSE_REGION_LENGTH__)?__FUSE_REGION_LENGTH__:0x400
                0x00000400                __LOCK_REGION_LENGTH__ = DEFINED (__LOCK_REGION_LENGTH__)?__LOCK_REGION_LENGTH__:0x400
                0x00000400                __SIGNATURE_REGION_LENGTH__ = DEFINED (__SIGNATURE_REGION_LENGTH__)?__SIGNATURE_REGION_LENGTH__:0x400
                0x00000400                __USER_SIGNATURE_REGION_LENGTH__ = DEFINED (__USER_SIGNATURE_REGION_LENGTH__)?__USER_SIGNATURE_REGION_LENGTH__:0x400

.hash
 *(.hash)

.dynsym
 *(.dynsym)

.dynstr
 *(.dynstr)

.gnu.version
 *(.gnu.version)

.gnu.version_d
 *(.gnu.version_d)

.gnu.version_r
 *(.gnu.version_r)

.rel.init
 *(.rel.init)

.rela.init
 *(.rela.init)

.rel.text
 *(.rel.text)
 *(.rel.text.*)
 *(.rel.gnu.linkonce.t*)

.rela.text
 *(.rela.text)
 *(.rela.text.*)
 *(.rela.gnu.linkonce.t*)

.rel.fini
 *(.rel.fini)

.rela.fini
 *(.rela.fini)

.rel.rodata
 *(.rel.rodata)
 *(.rel.rodata.*)
 *(.rel.gnu.linkonce.r*)

.rela.rodata
 *(.rela.rodata)
 *(.rela.rodata.*)
 *(.rela.gnu.linkonce.r*)

.rel.data
 *(.rel.data)
 *(.rel.data.*)
 *(.rel.gnu.linkonce.d*)

.rela.data
 *(.rela.data)
 *(.rela.data.*)
 *(.rela.gnu.linkonce.d*)

.rel.ctors
 *(.rel.ctors)

.rela.ctors
 *(.rela.ctors)

.rel.dtors
 *(.rel.dtors)

.rela.dtors
 *(.rela.dtors)

.rel.got
 *(.rel.got)

.rela.got
 *(.rela.got)

.rel.bss
 *(.rel.bss)

.rela.bss
 *(.rela.bss)

.rel.plt
 *(.rel.plt)

.rela.plt
 *(.rela.plt)

.text           0x00000000     0x149c
 *(.vectors)
 .vectors       0x00000000      0x120 C:/Program Files (x86)/Atmel/Studio/7.0/Packs/atmel/ATmega_DFP/1.2.150/gcc/dev/atmega128rfa1/avr51/crtatmega128rfa1.o
                0x00000000                __vector_default
                0x00000000                __vectors
 *(.vectors)
 *(.progmem.gcc*)
                0x00000120                . = ALIGN (0x2)
                0x00000120                __trampolines_start = .
 *(.trampolines)
 .trampolines   0x00000120        0x0 linker stubs
 *(.trampolines*)
                0x00000120                __trampolines_end = .
 *libprintf_flt.a:*(.progmem.data)
 *libc.a:*(.progmem.data)
 *(.progmem*)
                0x00000120                . = ALIGN (0x2)
 *(.jumptables)
 *(.jumptables*)
 *(.lowtext)
 *(.lowtext*)
                0x00000120                __ctors_start = .
 *(.ctors)
                0x00000120                __ctors_end = .
                0x00000120                __dtors_start = .
 *(.dtors)
                0x00000120                __dtors_end = .
 SORT(*)(.ctors)
 SORT(*)(.dtors)
 *(.init0)
 .init0         0x00000120        0x0 C:/Program Files (x86)/Atmel/Studio/7.0/Packs/atmel/ATmega_DFP/1.2.150/gcc/dev/atmega128rfa1/avr51/crtatmega128rfa1.o
                0x00000120                __init
 *(.init0)
 *(.init1)
 *(.init1)
 *(.init2)
 .init2         0x00000120        0xc C:/Program Files (x86)/Atmel/Studio/7.0/Packs/atmel/ATmega_DFP/1.2.150/gcc/dev/atmega128rfa1/avr51/crtatmega128rfa1.o
 *(.init2)
 *(.init3)
 *(.init3)
 *(.init4)
 .init4         0x0000012c       0x1a c:/program files (x86)/atmel/studio/7.0/toolchain/avr8/avr8-gnu-toolchain/bin/../lib/gcc/avr/5.4.0/avr51\libgcc.a(_copy_data.o)
                0x0000012c                __do_copy_data
 .init4         0x00000146       0x10 c:/program files (x86)/atmel/studio/7.0/toolchain/avr8/avr8-gnu-toolchain/bin/../lib/gcc/avr/5.4.0/avr51\libgcc.a(_clear_bss.o)
                0x00000146                __do_clear_bss
 *(.init4)
 *(.init5)
 *(.init5)
 *(.init6)
 *(.init6)
 *(.init7)
 *(.init7)
 *(.init8)
 *(.init8)
 *(.init9)
 .init9         0x00000156        0x6 C:/Program Files (x86)/Atmel/Studio/7.0/Packs/atmel/ATmega_DFP/1.2.150/gcc/dev/atmega128rfa1/avr51/crtatmega128rfa1.o
 *(.init9)
 *(.text)
 .text          0x0000015c        0x2 C:/Program Files (x86)/Atmel/Studio/7.0/Packs/atmel/ATmega_DFP/1.2.150/gcc/dev/atmega128rfa1/avr51/crtatmega128rfa1.o
                0x0000015c                __vector_38
                0x0000015c                __vector_22
                0x0000015c                __vector_63
                0x0000015c                __vector_28
                0x0000015c                __vector_67
                0x0000015c                __vector_1
                0x0000015c                __vector_32
                0x0000015c                __vector_71
                0x0000015c                __vector_34
                0x0000015c                __vector_62
                0x0000015c                __vector_24
                0x0000015c                __vector_12
                0x0000015c                __vector_55
                0x0000015c                __vector_69
                0x0000015c                __vector_46
                0x0000015c                __bad_interrupt
                0x0000015c                __vector_6
                0x0000015c                __vector_31
                0x0000015c                __vector_35
                0x0000015c                __vector_39
                0x0000015c                __vector_3
                0x0000015c                __vector_23
                0x0000015c                __vector_68
                0x0000015c                __vector_30
                0x0000015c                __vector_45
                0x0000015c                __vector_25
                0x0000015c                __vector_61
                0x0000015c                __vector_11
                0x0000015c                __vector_54
                0x0000015c                __vector_13
                0x0000015c                __vector_17
                0x0000015c                __vector_19
                0x0000015c                __vector_56
                0x0000015c                __vector_7
                0x0000015c                __vector_49
                0x0000015c                __vector_41
                0x0000015c                __vector_64
                0x0000015c                __vector_43
                0x0000015c                __vector_27
                0x0000015c                __vector_5
                0x0000015c                __vector_33
                0x0000015c                __vector_47
                0x0000015c                __vector_52
                0x0000015c                __vector_37
                0x0000015c                __vector_4
                0x0000015c                __vector_44
                0x0000015c                __vector_51
                0x0000015c                __vector_9
                0x0000015c                __vector_2
                0x0000015c                __vector_21
                0x0000015c                __vector_15
                0x0000015c                __vector_66
                0x0000015c                __vector_36
                0x0000015c                __vector_58
                0x0000015c                __vector_70
                0x0000015c                __vector_29
                0x0000015c                __vector_60
                0x0000015c                __vector_40
                0x0000015c                __vector_8
                0x0000015c                __vector_26
                0x0000015c                __vector_48
                0x0000015c                __vector_14
                0x0000015c                __vector_57
                0x0000015c                __vector_53
                0x0000015c                __vector_10
                0x0000015c                __vector_50
                0x0000015c                __vector_16
                0x0000015c                __vector_59
                0x0000015c                __vector_18
                0x0000015c                __vector_20
                0x0000015c                __vector_42
                0x0000015c                __vector_65
                0x0000015e                . = ALIGN (0x2)
 *(.text.*)
 .text.init     0x0000015e       0x30 main.o
                0x0000015e                init
 .text.loop     0x0000018e      0x38c main.o
                0x0000018e                loop
 .text.button_init
                0x0000051a        0x6 C:\Users\p190047\Documents\Atmel Studio\7.0\library\libmuon.a(button.o)
                0x0000051a                button_init
 .text.button_pressed
                0x00000520        0xe C:\Users\p190047\Documents\Atmel Studio\7.0\library\libmuon.a(button.o)
                0x00000520                button_pressed
 .text.main     0x0000052e       0x7e C:\Users\p190047\Documents\Atmel Studio\7.0\library\libmuon.a(muon.o)
                0x0000052e                main
 .text.timer_init
                0x000005ac       0x1c C:\Users\p190047\Documents\Atmel Studio\7.0\library\libmuon.a(timer.o)
                0x000005ac                timer_init
 .text.timer_start
                0x000005c8       0x16 C:\Users\p190047\Documents\Atmel Studio\7.0\library\libmuon.a(timer.o)
                0x000005c8                timer_start
 .text.timer_overflow
                0x000005de       0x16 C:\Users\p190047\Documents\Atmel Studio\7.0\library\libmuon.a(timer.o)
                0x000005de                timer_overflow
 .text.timer_now
                0x000005f4        0xa C:\Users\p190047\Documents\Atmel Studio\7.0\library\libmuon.a(timer.o)
                0x000005f4                timer_now
 .text.timer_wait_micro
                0x000005fe       0xb0 C:\Users\p190047\Documents\Atmel Studio\7.0\library\libmuon.a(timer.o)
                0x000005fe                timer_wait_micro
 .text.timer_cpuf
                0x000006ae        0xa C:\Users\p190047\Documents\Atmel Studio\7.0\library\libmuon.a(timer.o)
                0x000006ae                timer_cpuf
 .text.leds_init
                0x000006b8        0xe C:\Users\p190047\Documents\Atmel Studio\7.0\library\libmuon.a(leds.o)
                0x000006b8                leds_init
 .text.leds_on  0x000006c6       0x18 C:\Users\p190047\Documents\Atmel Studio\7.0\library\libmuon.a(leds.o)
                0x000006c6                leds_on
 .text.leds_off
                0x000006de       0x18 C:\Users\p190047\Documents\Atmel Studio\7.0\library\libmuon.a(leds.o)
                0x000006de                leds_off
 .text.radio_init
                0x000006f6       0x6a C:\Users\p190047\Documents\Atmel Studio\7.0\library\libmuon.a(radio.o)
                0x000006f6                radio_init
 .text.radio_start
                0x00000760       0x24 C:\Users\p190047\Documents\Atmel Studio\7.0\library\libmuon.a(radio.o)
                0x00000760                radio_start
 .text.radio_send
                0x00000784       0xc6 C:\Users\p190047\Documents\Atmel Studio\7.0\library\libmuon.a(radio.o)
                0x00000784                radio_send
 .text.radio_rxed
                0x0000084a        0xc C:\Users\p190047\Documents\Atmel Studio\7.0\library\libmuon.a(radio.o)
                0x0000084a                radio_rxed
 .text.radio_recv
                0x00000856      0x12c C:\Users\p190047\Documents\Atmel Studio\7.0\library\libmuon.a(radio.o)
                0x00000856                radio_recv
 .text.radio_raw_recv
                0x00000982       0xc6 C:\Users\p190047\Documents\Atmel Studio\7.0\library\libmuon.a(radio.o)
                0x00000982                radio_raw_recv
 .text.serial_init
                0x00000a48       0xc2 C:\Users\p190047\Documents\Atmel Studio\7.0\library\libmuon.a(serial.o)
                0x00000a48                serial_init
 .text.serial_put
                0x00000b0a       0x10 C:\Users\p190047\Documents\Atmel Studio\7.0\library\libmuon.a(serial.o)
                0x00000b0a                serial_put
 .text.write    0x00000b1a        0xe C:\Users\p190047\Documents\Atmel Studio\7.0\library\libmuon.a(serial.o)
 .text.serial_puts
                0x00000b28       0x1c C:\Users\p190047\Documents\Atmel Studio\7.0\library\libmuon.a(serial.o)
                0x00000b28                serial_puts
 .text.serial_get
                0x00000b44       0x10 C:\Users\p190047\Documents\Atmel Studio\7.0\library\libmuon.a(serial.o)
                0x00000b44                serial_get
 .text.read     0x00000b54       0x10 C:\Users\p190047\Documents\Atmel Studio\7.0\library\libmuon.a(serial.o)
 .text.crypto_init
                0x00000b64       0xea C:\Users\p190047\Documents\Atmel Studio\7.0\library\libmuon.a(crypto.o)
                0x00000b64                crypto_init
 .text.crypto_encrypt
                0x00000c4e       0xee C:\Users\p190047\Documents\Atmel Studio\7.0\library\libmuon.a(crypto.o)
                0x00000c4e                crypto_encrypt
 .text.crypto_decrypt
                0x00000d3c       0xf0 C:\Users\p190047\Documents\Atmel Studio\7.0\library\libmuon.a(crypto.o)
                0x00000d3c                crypto_decrypt
 .text.libgcc.div
                0x00000e2c       0x44 c:/program files (x86)/atmel/studio/7.0/toolchain/avr8/avr8-gnu-toolchain/bin/../lib/gcc/avr/5.4.0/avr51\libgcc.a(_udivmodsi4.o)
                0x00000e2c                __udivmodsi4
 .text.libgcc.mul
                0x00000e70        0xc c:/program files (x86)/atmel/studio/7.0/toolchain/avr8/avr8-gnu-toolchain/bin/../lib/gcc/avr/5.4.0/avr51\libgcc.a(_mulshisi3.o)
                0x00000e70                __mulshisi3
                0x00000e74                __mulohisi3
 .text.libgcc.mul
                0x00000e7c       0x14 c:/program files (x86)/atmel/studio/7.0/toolchain/avr8/avr8-gnu-toolchain/bin/../lib/gcc/avr/5.4.0/avr51\libgcc.a(_muluhisi3.o)
                0x00000e7c                __muluhisi3
 .text.libgcc.mul
                0x00000e90       0x1e c:/program files (x86)/atmel/studio/7.0/toolchain/avr8/avr8-gnu-toolchain/bin/../lib/gcc/avr/5.4.0/avr51\libgcc.a(_umulhisi3.o)
                0x00000e90                __umulhisi3
 .text.avr-libc
                0x00000eae       0x26 c:/program files (x86)/atmel/studio/7.0/toolchain/avr8/avr8-gnu-toolchain/bin/../lib/gcc/avr/5.4.0/../../../../avr/lib/avr51\libc.a(printf.o)
                0x00000eae                printf
 .text.avr-libc
                0x00000ed4        0xa c:/program files (x86)/atmel/studio/7.0/toolchain/avr8/avr8-gnu-toolchain/bin/../lib/gcc/avr/5.4.0/../../../../avr/lib/avr51\libc.a(putchar.o)
                0x00000ed4                putchar
 .text.avr-libc
                0x00000ede       0x60 c:/program files (x86)/atmel/studio/7.0/toolchain/avr8/avr8-gnu-toolchain/bin/../lib/gcc/avr/5.4.0/../../../../avr/lib/avr51\libc.a(puts.o)
                0x00000ede                puts
 .text.avr-libc
                0x00000f3e      0x3fa c:/program files (x86)/atmel/studio/7.0/toolchain/avr8/avr8-gnu-toolchain/bin/../lib/gcc/avr/5.4.0/../../../../avr/lib/avr51\libc.a(vfprintf_std.o)
                0x00000f3e                vfprintf
 .text.avr-libc
                0x00001338       0x16 c:/program files (x86)/atmel/studio/7.0/toolchain/avr8/avr8-gnu-toolchain/bin/../lib/gcc/avr/5.4.0/../../../../avr/lib/avr51\libc.a(strnlen_P.o)
                0x00001338                strnlen_P
 .text.avr-libc
                0x0000134e       0x16 c:/program files (x86)/atmel/studio/7.0/toolchain/avr8/avr8-gnu-toolchain/bin/../lib/gcc/avr/5.4.0/../../../../avr/lib/avr51\libc.a(strnlen.o)
                0x0000134e                strnlen
 .text.avr-libc
                0x00001364       0x78 c:/program files (x86)/atmel/studio/7.0/toolchain/avr8/avr8-gnu-toolchain/bin/../lib/gcc/avr/5.4.0/../../../../avr/lib/avr51\libc.a(fputc.o)
                0x00001364                fputc
 .text.avr-libc
                0x000013dc       0xbc c:/program files (x86)/atmel/studio/7.0/toolchain/avr8/avr8-gnu-toolchain/bin/../lib/gcc/avr/5.4.0/../../../../avr/lib/avr51\libc.a(ultoa_invert.o)
                0x000013dc                __ultoa_invert
                0x00001498                . = ALIGN (0x2)
 *(.fini9)
 .fini9         0x00001498        0x0 c:/program files (x86)/atmel/studio/7.0/toolchain/avr8/avr8-gnu-toolchain/bin/../lib/gcc/avr/5.4.0/avr51\libgcc.a(_exit.o)
                0x00001498                _exit
                0x00001498                exit
 *(.fini9)
 *(.fini8)
 *(.fini8)
 *(.fini7)
 *(.fini7)
 *(.fini6)
 *(.fini6)
 *(.fini5)
 *(.fini5)
 *(.fini4)
 *(.fini4)
 *(.fini3)
 *(.fini3)
 *(.fini2)
 *(.fini2)
 *(.fini1)
 *(.fini1)
 *(.fini0)
 .fini0         0x00001498        0x4 c:/program files (x86)/atmel/studio/7.0/toolchain/avr8/avr8-gnu-toolchain/bin/../lib/gcc/avr/5.4.0/avr51\libgcc.a(_exit.o)
 *(.fini0)
                0x0000149c                _etext = .

.data           0x00800200      0x17a load address 0x0000149c
                0x00800200                PROVIDE (__data_start, .)
 *(.data)
 *(.data*)
 .data.first    0x00800200        0x2 main.o
 .data.key      0x00800202       0x10 main.o
                0x00800202                key
 .data.radio_maxRSSI
                0x00800212        0x1 C:\Users\p190047\Documents\Atmel Studio\7.0\library\libmuon.a(radio.o)
 .data.uart0    0x00800213        0xe C:\Users\p190047\Documents\Atmel Studio\7.0\library\libmuon.a(serial.o)
 *(.gnu.linkonce.d*)
 *(.rodata)
 *(.rodata*)
 .rodata.str1.1
                0x00800221      0x159 main.o
 *(.gnu.linkonce.r*)
                0x0080037a                . = ALIGN (0x2)
                0x0080037a                _edata = .
                0x0080037a                PROVIDE (__data_end, .)

.bss            0x0080037a      0x1bd
                0x0080037a                PROVIDE (__bss_start, .)
 *(.bss)
 *(.bss*)
 .bss.rcode     0x0080037a        0x2 main.o
                0x0080037a                rcode
 .bss.flag      0x0080037c        0x2 main.o
 .bss.counter   0x0080037e        0x4 main.o
 .bss.cipher    0x00800382       0x80 main.o
 .bss.plain     0x00800402       0x80 main.o
 .bss.mode      0x00800482        0x1 main.o
 .bss.buffer    0x00800483       0x80 main.o
 .bss.cycles    0x00800503        0x4 C:\Users\p190047\Documents\Atmel Studio\7.0\library\libmuon.a(muon.o)
 .bss.time_millis_count
                0x00800507        0x4 C:\Users\p190047\Documents\Atmel Studio\7.0\library\libmuon.a(time.o)
                0x00800507                time_millis_count
 .bss.radio_txdone_flag
                0x0080050b        0x1 C:\Users\p190047\Documents\Atmel Studio\7.0\library\libmuon.a(radio.o)
 .bss.radio_lqi
                0x0080050c        0x1 C:\Users\p190047\Documents\Atmel Studio\7.0\library\libmuon.a(radio.o)
 .bss.radio_energy
                0x0080050d        0x1 C:\Users\p190047\Documents\Atmel Studio\7.0\library\libmuon.a(radio.o)
 .bss.radio_macaddr
                0x0080050e        0x2 C:\Users\p190047\Documents\Atmel Studio\7.0\library\libmuon.a(radio.o)
 .bss.serial_initialised
                0x00800510        0x1 C:\Users\p190047\Documents\Atmel Studio\7.0\library\libmuon.a(serial.o)
 .bss.crypto_encryptKey
                0x00800511       0x10 C:\Users\p190047\Documents\Atmel Studio\7.0\library\libmuon.a(crypto.o)
 .bss.crypto_decryptKey
                0x00800521       0x10 C:\Users\p190047\Documents\Atmel Studio\7.0\library\libmuon.a(crypto.o)
 *(COMMON)
 COMMON         0x00800531        0x6 c:/program files (x86)/atmel/studio/7.0/toolchain/avr8/avr8-gnu-toolchain/bin/../lib/gcc/avr/5.4.0/../../../../avr/lib/avr51\libc.a(iob.o)
                0x00800531                __iob
                0x00800537                PROVIDE (__bss_end, .)
                0x0000149c                __data_load_start = LOADADDR (.data)
                0x00001616                __data_load_end = (__data_load_start + SIZEOF (.data))

.noinit         0x00800537        0x0
                [!provide]                PROVIDE (__noinit_start, .)
 *(.noinit*)
                [!provide]                PROVIDE (__noinit_end, .)
                0x00800537                _end = .
                [!provide]                PROVIDE (__heap_start, .)

.eeprom         0x00810000        0x0
 *(.eeprom*)
                0x00810000                __eeprom_end = .

.fuse
 *(.fuse)
 *(.lfuse)
 *(.hfuse)
 *(.efuse)

.lock
 *(.lock*)

.signature
 *(.signature*)

.user_signatures
 *(.user_signatures*)

.stab
 *(.stab)

.stabstr
 *(.stabstr)

.stab.excl
 *(.stab.excl)

.stab.exclstr
 *(.stab.exclstr)

.stab.index
 *(.stab.index)

.stab.indexstr
 *(.stab.indexstr)

.comment        0x00000000       0x5c
 *(.comment)
 .comment       0x00000000       0x30 main.o
                                 0x31 (size before relaxing)
 .comment       0x00000030       0x31 C:\Users\p190047\Documents\Atmel Studio\7.0\library\libmuon.a(button.o)
 .comment       0x00000030       0x31 C:\Users\p190047\Documents\Atmel Studio\7.0\library\libmuon.a(muon.o)
 .comment       0x00000030       0x31 C:\Users\p190047\Documents\Atmel Studio\7.0\library\libmuon.a(time.o)
 .comment       0x00000030       0x31 C:\Users\p190047\Documents\Atmel Studio\7.0\library\libmuon.a(timer.o)
 .comment       0x00000030       0x31 C:\Users\p190047\Documents\Atmel Studio\7.0\library\libmuon.a(leds.o)
 .comment       0x00000030       0x31 C:\Users\p190047\Documents\Atmel Studio\7.0\library\libmuon.a(radio.o)
 .comment       0x00000030       0x31 C:\Users\p190047\Documents\Atmel Studio\7.0\library\libmuon.a(serial.o)
 .comment       0x00000030       0x31 C:\Users\p190047\Documents\Atmel Studio\7.0\library\libmuon.a(crypto.o)
 .comment       0x00000030       0x31 c:/program files (x86)/atmel/studio/7.0/toolchain/avr8/avr8-gnu-toolchain/bin/../lib/gcc/avr/5.4.0/../../../../avr/lib/avr51\libc.a(iob.o)
 .comment       0x00000030       0x31 c:/program files (x86)/atmel/studio/7.0/toolchain/avr8/avr8-gnu-toolchain/bin/../lib/gcc/avr/5.4.0/../../../../avr/lib/avr51\libc.a(printf.o)
 .comment       0x00000030       0x31 c:/program files (x86)/atmel/studio/7.0/toolchain/avr8/avr8-gnu-toolchain/bin/../lib/gcc/avr/5.4.0/../../../../avr/lib/avr51\libc.a(putchar.o)
 .comment       0x00000030       0x31 c:/program files (x86)/atmel/studio/7.0/toolchain/avr8/avr8-gnu-toolchain/bin/../lib/gcc/avr/5.4.0/../../../../avr/lib/avr51\libc.a(puts.o)
 .comment       0x00000030       0x2c c:/program files (x86)/atmel/studio/7.0/toolchain/avr8/avr8-gnu-toolchain/bin/../lib/gcc/avr/5.4.0/../../../../avr/lib/avr51\libc.a(vfprintf_std.o)
                                 0x2d (size before relaxing)
 .comment       0x0000005c       0x31 c:/program files (x86)/atmel/studio/7.0/toolchain/avr8/avr8-gnu-toolchain/bin/../lib/gcc/avr/5.4.0/../../../../avr/lib/avr51\libc.a(fputc.o)

.note.gnu.avr.deviceinfo
                0x00000000       0x40
 .note.gnu.avr.deviceinfo
                0x00000000       0x40 C:/Program Files (x86)/Atmel/Studio/7.0/Packs/atmel/ATmega_DFP/1.2.150/gcc/dev/atmega128rfa1/avr51/crtatmega128rfa1.o

.note.gnu.build-id
 *(.note.gnu.build-id)

.debug
 *(.debug)

.line
 *(.line)

.debug_srcinfo
 *(.debug_srcinfo)

.debug_sfnames
 *(.debug_sfnames)

.debug_aranges  0x00000000      0x230
 *(.debug_aranges)
 .debug_aranges
                0x00000000       0x28 main.o
 .debug_aranges
                0x00000028       0x30 C:\Users\p190047\Documents\Atmel Studio\7.0\library\libmuon.a(button.o)
 .debug_aranges
                0x00000058       0x20 C:\Users\p190047\Documents\Atmel Studio\7.0\library\libmuon.a(muon.o)
 .debug_aranges
                0x00000078       0x28 C:\Users\p190047\Documents\Atmel Studio\7.0\library\libmuon.a(time.o)
 .debug_aranges
                0x000000a0       0x60 C:\Users\p190047\Documents\Atmel Studio\7.0\library\libmuon.a(timer.o)
 .debug_aranges
                0x00000100       0x30 C:\Users\p190047\Documents\Atmel Studio\7.0\library\libmuon.a(leds.o)
 .debug_aranges
                0x00000130       0x78 C:\Users\p190047\Documents\Atmel Studio\7.0\library\libmuon.a(radio.o)
 .debug_aranges
                0x000001a8       0x58 C:\Users\p190047\Documents\Atmel Studio\7.0\library\libmuon.a(serial.o)
 .debug_aranges
                0x00000200       0x30 C:\Users\p190047\Documents\Atmel Studio\7.0\library\libmuon.a(crypto.o)

.debug_pubnames
 *(.debug_pubnames)

.debug_info     0x00000000     0x2777
 *(.debug_info .gnu.linkonce.wi.*)
 .debug_info    0x00000000     0x1160 C:/Program Files (x86)/Atmel/Studio/7.0/Packs/atmel/ATmega_DFP/1.2.150/gcc/dev/atmega128rfa1/avr51/crtatmega128rfa1.o
 .debug_info    0x00001160      0x6be main.o
 .debug_info    0x0000181e       0xc5 C:\Users\p190047\Documents\Atmel Studio\7.0\library\libmuon.a(button.o)
 .debug_info    0x000018e3      0x16d C:\Users\p190047\Documents\Atmel Studio\7.0\library\libmuon.a(muon.o)
 .debug_info    0x00001a50       0x90 C:\Users\p190047\Documents\Atmel Studio\7.0\library\libmuon.a(time.o)
 .debug_info    0x00001ae0      0x28d C:\Users\p190047\Documents\Atmel Studio\7.0\library\libmuon.a(timer.o)
 .debug_info    0x00001d6d       0xcf C:\Users\p190047\Documents\Atmel Studio\7.0\library\libmuon.a(leds.o)
 .debug_info    0x00001e3c      0x40f C:\Users\p190047\Documents\Atmel Studio\7.0\library\libmuon.a(radio.o)
 .debug_info    0x0000224b      0x327 C:\Users\p190047\Documents\Atmel Studio\7.0\library\libmuon.a(serial.o)
 .debug_info    0x00002572      0x205 C:\Users\p190047\Documents\Atmel Studio\7.0\library\libmuon.a(crypto.o)

.debug_abbrev   0x00000000     0x1ae3
 *(.debug_abbrev)
 .debug_abbrev  0x00000000     0x1072 C:/Program Files (x86)/Atmel/Studio/7.0/Packs/atmel/ATmega_DFP/1.2.150/gcc/dev/atmega128rfa1/avr51/crtatmega128rfa1.o
 .debug_abbrev  0x00001072      0x157 main.o
 .debug_abbrev  0x000011c9       0x8a C:\Users\p190047\Documents\Atmel Studio\7.0\library\libmuon.a(button.o)
 .debug_abbrev  0x00001253       0xdc C:\Users\p190047\Documents\Atmel Studio\7.0\library\libmuon.a(muon.o)
 .debug_abbrev  0x0000132f       0x81 C:\Users\p190047\Documents\Atmel Studio\7.0\library\libmuon.a(time.o)
 .debug_abbrev  0x000013b0      0x170 C:\Users\p190047\Documents\Atmel Studio\7.0\library\libmuon.a(timer.o)
 .debug_abbrev  0x00001520       0x92 C:\Users\p190047\Documents\Atmel Studio\7.0\library\libmuon.a(leds.o)
 .debug_abbrev  0x000015b2      0x1ff C:\Users\p190047\Documents\Atmel Studio\7.0\library\libmuon.a(radio.o)
 .debug_abbrev  0x000017b1      0x201 C:\Users\p190047\Documents\Atmel Studio\7.0\library\libmuon.a(serial.o)
 .debug_abbrev  0x000019b2      0x131 C:\Users\p190047\Documents\Atmel Studio\7.0\library\libmuon.a(crypto.o)

.debug_line     0x00000000     0x1413
 *(.debug_line .debug_line.* .debug_line_end)
 .debug_line    0x00000000      0x247 C:/Program Files (x86)/Atmel/Studio/7.0/Packs/atmel/ATmega_DFP/1.2.150/gcc/dev/atmega128rfa1/avr51/crtatmega128rfa1.o
 .debug_line    0x00000247      0x31f main.o
 .debug_line    0x00000566       0xe1 C:\Users\p190047\Documents\Atmel Studio\7.0\library\libmuon.a(button.o)
 .debug_line    0x00000647       0x85 C:\Users\p190047\Documents\Atmel Studio\7.0\library\libmuon.a(muon.o)
 .debug_line    0x000006cc       0x6f C:\Users\p190047\Documents\Atmel Studio\7.0\library\libmuon.a(time.o)
 .debug_line    0x0000073b      0x217 C:\Users\p190047\Documents\Atmel Studio\7.0\library\libmuon.a(timer.o)
 .debug_line    0x00000952      0x128 C:\Users\p190047\Documents\Atmel Studio\7.0\library\libmuon.a(leds.o)
 .debug_line    0x00000a7a      0x47f C:\Users\p190047\Documents\Atmel Studio\7.0\library\libmuon.a(radio.o)
 .debug_line    0x00000ef9      0x1fc C:\Users\p190047\Documents\Atmel Studio\7.0\library\libmuon.a(serial.o)
 .debug_line    0x000010f5      0x31e C:\Users\p190047\Documents\Atmel Studio\7.0\library\libmuon.a(crypto.o)

.debug_frame    0x00000000      0x4f0
 *(.debug_frame)
 .debug_frame   0x00000000       0x6c main.o
 .debug_frame   0x0000006c       0x44 C:\Users\p190047\Documents\Atmel Studio\7.0\library\libmuon.a(button.o)
 .debug_frame   0x000000b0       0x24 C:\Users\p190047\Documents\Atmel Studio\7.0\library\libmuon.a(muon.o)
 .debug_frame   0x000000d4       0x34 C:\Users\p190047\Documents\Atmel Studio\7.0\library\libmuon.a(time.o)
 .debug_frame   0x00000108      0x104 C:\Users\p190047\Documents\Atmel Studio\7.0\library\libmuon.a(timer.o)
 .debug_frame   0x0000020c       0x44 C:\Users\p190047\Documents\Atmel Studio\7.0\library\libmuon.a(leds.o)
 .debug_frame   0x00000250      0x140 C:\Users\p190047\Documents\Atmel Studio\7.0\library\libmuon.a(radio.o)
 .debug_frame   0x00000390       0xec C:\Users\p190047\Documents\Atmel Studio\7.0\library\libmuon.a(serial.o)
 .debug_frame   0x0000047c       0x74 C:\Users\p190047\Documents\Atmel Studio\7.0\library\libmuon.a(crypto.o)

.debug_str      0x00000000      0xce7
 *(.debug_str)
 .debug_str     0x00000000      0x6de C:/Program Files (x86)/Atmel/Studio/7.0/Packs/atmel/ATmega_DFP/1.2.150/gcc/dev/atmega128rfa1/avr51/crtatmega128rfa1.o
 .debug_str     0x000006de      0x282 main.o
                                0x2d9 (size before relaxing)
 .debug_str     0x00000960       0x6f C:\Users\p190047\Documents\Atmel Studio\7.0\library\libmuon.a(button.o)
                                0x1a5 (size before relaxing)
 .debug_str     0x000009cf       0x98 C:\Users\p190047\Documents\Atmel Studio\7.0\library\libmuon.a(muon.o)
                                0x1c4 (size before relaxing)
 .debug_str     0x00000a67       0x24 C:\Users\p190047\Documents\Atmel Studio\7.0\library\libmuon.a(time.o)
                                0x149 (size before relaxing)
 .debug_str     0x00000a8b       0x6e C:\Users\p190047\Documents\Atmel Studio\7.0\library\libmuon.a(timer.o)
                                0x22d (size before relaxing)
 .debug_str     0x00000af9        0xc C:\Users\p190047\Documents\Atmel Studio\7.0\library\libmuon.a(leds.o)
                                0x18d (size before relaxing)
 .debug_str     0x00000b05       0xdc C:\Users\p190047\Documents\Atmel Studio\7.0\library\libmuon.a(radio.o)
                                0x2c5 (size before relaxing)
 .debug_str     0x00000be1       0x9e C:\Users\p190047\Documents\Atmel Studio\7.0\library\libmuon.a(serial.o)
                                0x237 (size before relaxing)
 .debug_str     0x00000c7f       0x68 C:\Users\p190047\Documents\Atmel Studio\7.0\library\libmuon.a(crypto.o)
                                0x214 (size before relaxing)

.debug_loc      0x00000000     0x1132
 *(.debug_loc)
 .debug_loc     0x00000000      0x262 main.o
 .debug_loc     0x00000262       0x36 C:\Users\p190047\Documents\Atmel Studio\7.0\library\libmuon.a(muon.o)
 .debug_loc     0x00000298      0x268 C:\Users\p190047\Documents\Atmel Studio\7.0\library\libmuon.a(timer.o)
 .debug_loc     0x00000500      0x699 C:\Users\p190047\Documents\Atmel Studio\7.0\library\libmuon.a(radio.o)
 .debug_loc     0x00000b99      0x298 C:\Users\p190047\Documents\Atmel Studio\7.0\library\libmuon.a(serial.o)
 .debug_loc     0x00000e31      0x301 C:\Users\p190047\Documents\Atmel Studio\7.0\library\libmuon.a(crypto.o)

.debug_macinfo
 *(.debug_macinfo)

.debug_weaknames
 *(.debug_weaknames)

.debug_funcnames
 *(.debug_funcnames)

.debug_typenames
 *(.debug_typenames)

.debug_varnames
 *(.debug_varnames)

.debug_pubtypes
 *(.debug_pubtypes)

.debug_ranges   0x00000000      0x1d0
 *(.debug_ranges)
 .debug_ranges  0x00000000       0x30 main.o
 .debug_ranges  0x00000030       0x20 C:\Users\p190047\Documents\Atmel Studio\7.0\library\libmuon.a(button.o)
 .debug_ranges  0x00000050       0x28 C:\Users\p190047\Documents\Atmel Studio\7.0\library\libmuon.a(muon.o)
 .debug_ranges  0x00000078       0x18 C:\Users\p190047\Documents\Atmel Studio\7.0\library\libmuon.a(time.o)
 .debug_ranges  0x00000090       0x50 C:\Users\p190047\Documents\Atmel Studio\7.0\library\libmuon.a(timer.o)
 .debug_ranges  0x000000e0       0x20 C:\Users\p190047\Documents\Atmel Studio\7.0\library\libmuon.a(leds.o)
 .debug_ranges  0x00000100       0x68 C:\Users\p190047\Documents\Atmel Studio\7.0\library\libmuon.a(radio.o)
 .debug_ranges  0x00000168       0x48 C:\Users\p190047\Documents\Atmel Studio\7.0\library\libmuon.a(serial.o)
 .debug_ranges  0x000001b0       0x20 C:\Users\p190047\Documents\Atmel Studio\7.0\library\libmuon.a(crypto.o)

.debug_macro
 *(.debug_macro)
OUTPUT(rxdemo7.elf elf32-avr)
LOAD linker stubs
